// Jest Snapshot v1, https://goo.gl/fbAQLP

exports[`there is some activity on a timeseries market timeseries can be exported 1`] = `
Array [
  Object {
    "allInLpPercentProfit": 0,
    "leftoverLpPercentProfit": -0.015190355663386982,
    "longPoolValue": 5107.590854922462,
    "longPrice": 0.5508006469209438,
    "maxLongTradeValueWithoutSignificantSlippage": 88.65390096720918,
    "maxShortTradeValueWithoutSignificantSlippage": 80.06123321315539,
    "shortPoolValue": 4740.505588443668,
    "shortPrice": 0.4492036660383646,
    "time": 1609459200000,
  },
]
`;
